Microchip MPLAB XC8 Compiler V2.40

Linker command line:

-W-3 \
  --edf=C:\Program Files\Microchip\xc8\v2.40\pic\dat\20220703182018_en.msgs \
  -cn -h+dist/default/production\DEMO_CODE_PIC18_14012022.X.production.sym \
  --cmf=dist/default/production\DEMO_CODE_PIC18_14012022.X.production.cmf \
  -z -Q18F67J10 -oC:\Users\chtny\AppData\Local\Temp\xcAsii0.4 \
  --defsym=__MPLAB_BUILD=1 --fixupoverflow=error \
  -Mdist/default/production/DEMO_CODE_PIC18_14012022.X.production.map \
  --md=C:\Users\chtny\AppData\Local\Temp\xcAsii0.dat -E1 -ver=XC8 Compiler \
  --acfsm=1493 -ACODE=00h-01FFF7h -ACONST=00h-01FFF7h \
  -ASMALLCONST=01000h-010FFhx495,01FF00h-01FFF7h \
  -AMEDIUMCONST=01000h-0FFFFh,011000h-01FFF7h -ACOMRAM=01h-05Fh \
  -AABS1=00h-0F5Fh -ABIGRAM=01h-0F5Fh \
  -ARAM=060h-0FFh,0100h-01FFhx14,0F00h-0F5Fh -ABANK0=060h-0FFh \
  -ABANK1=0100h-01FFh -ABANK2=0200h-02FFh -ABANK3=0300h-03FFh \
  -ABANK4=0400h-04FFh -ABANK5=0500h-05FFh -ABANK6=0600h-06FFh \
  -ABANK7=0700h-07FFh -ABANK8=0800h-08FFh -ABANK9=0900h-09FFh \
  -ABANK10=0A00h-0AFFh -ABANK11=0B00h-0BFFh -ABANK12=0C00h-0CFFh \
  -ABANK13=0D00h-0DFFh -ABANK14=0E00h-0EFFh -ABANK15=0F00h-0F5Fh \
  -ASFR=0F60h-0FFFh -ABIGSFR=0F60h-0FFFh -ACONFIG=01FFF8h-01FFFDh \
  -preset_vec=00h,intcode,intcodelo,powerup,init -pramtop=01000h \
  -psmallconst=SMALLCONST -pmediumconst=MEDIUMCONST -pconst=CONST \
  -AFARRAM=00h-00h -pjflash_buffer=01F800h \
  -prdata=COMRAM,nvrram=COMRAM,nvbit=COMRAM,rbss=COMRAM,rbit=COMRAM \
  -pfarbss=FARRAM,fardata=FARRAM,nvFARRAM=FARRAM \
  -pintsave_regs=BIGRAM,bigbss=BIGRAM,bigdata=BIGRAM -pbss=RAM \
  -pidata=CODE,irdata=CODE,ibigdata=CODE,ifardata=CODE -prparam=COMRAM \
  C:\Users\chtny\AppData\Local\Temp\xcAsii0.o \
  dist/default/production\DEMO_CODE_PIC18_14012022.X.production.o 

Object code version is 3.11

Machine type is 18F67J10



                Name                               Link     Load   Length Selector   Space Scale
C:\Users\chtny\AppData\Local\Temp\xcAsii0.o
                config                            1FFF8    1FFF8        6        0       4
                init                                  0        0        4        0       0
dist/default/production\DEMO_CODE_PIC18_14012022.X.production.o
                config                            1FFF8    1FFF8        6        0       4
                mediumconst                        FDD4     FDD4      22C     7EEA       0
                text22                            10848    10848       12     8000       0
                text21                            10836    10836       12     8000       0
                text20                            10792    10792       22     8000       0
                text19                            1076C    1076C       26     8000       0
                text18                            10862    10862        8     8000       0
                text17                            1062E    1062E       62     8000       0
                text16                            1085A    1085A        8     8000       0
                text15                            103BC    103BC      10C     8000       0
                text14                            104C8    104C8       8E     8000       0
                text13                            107EA    107EA       16     8000       0
                text12                            10746    10746       26     8000       0
                text11                            106C6    106C6       30     8000       0
                text10                            10720    10720       26     8000       0
                text9                             107B4    107B4       1C     8000       0
                text8                             10824    10824       12     8000       0
                text7                             107D0    107D0       1A     8000       0
                text6                             10812    10812       12     8000       0
                text5                             10800    10800       12     8000       0
                text4                             106F6    106F6       2A     8000       0
                text3                             10556    10556       74     8000       0
                text2                             105CA    105CA       64     8000       0
                text1                             10208    10208      1B4     8000       0
                text0                             10000    10000      208     8000       0
                cstackCOMRAM                          1        1       2C        1       1
                bssBANK0                             60       60       8C       60       1
                dataCOMRAM                           3B       3B        2        1       1
                bssCOMRAM                            2D       2D        E        1       1
                cinit                             10690    10690       36     8000       0
                idataCOMRAM                       1086A    1086A        2     8000       0

TOTAL           Name                               Link     Load   Length     Space
        CLASS   CODE           
                init                                  0        0        4         0
                text22                            10848    10848       12         0
                text21                            10836    10836       12         0
                text20                            10792    10792       22         0
                text19                            1076C    1076C       26         0
                text18                            10862    10862        8         0
                text17                            1062E    1062E       62         0
                text16                            1085A    1085A        8         0
                text15                            103BC    103BC      10C         0
                text14                            104C8    104C8       8E         0
                text13                            107EA    107EA       16         0
                text12                            10746    10746       26         0
                text11                            106C6    106C6       30         0
                text10                            10720    10720       26         0
                text9                             107B4    107B4       1C         0
                text8                             10824    10824       12         0
                text7                             107D0    107D0       1A         0
                text6                             10812    10812       12         0
                text5                             10800    10800       12         0
                text4                             106F6    106F6       2A         0
                text3                             10556    10556       74         0
                text2                             105CA    105CA       64         0
                text1                             10208    10208      1B4         0
                text0                             10000    10000      208         0
                cinit                             10690    10690       36         0
                idataCOMRAM                       1086A    1086A        2         0

        CLASS   CONST          

        CLASS   SMALLCONST     

        CLASS   MEDIUMCONST    
                mediumconst                        FDD4     FDD4      22C         0

        CLASS   COMRAM         
                cstackCOMRAM                          1        1       2C         1
                dataCOMRAM                           3B       3B        2         1
                bssCOMRAM                            2D       2D        E         1

        CLASS   ABS1           

        CLASS   BIGRAM         

        CLASS   RAM            

        CLASS   BANK0          
                bssBANK0                             60       60       8C         1

        CLASS   BANK1          

        CLASS   BANK2          

        CLASS   BANK3          

        CLASS   BANK4          

        CLASS   BANK5          

        CLASS   BANK6          

        CLASS   BANK7          

        CLASS   BANK8          

        CLASS   BANK9          

        CLASS   BANK10         

        CLASS   BANK11         

        CLASS   BANK12         

        CLASS   BANK13         

        CLASS   BANK14         

        CLASS   BANK15         

        CLASS   SFR            

        CLASS   BIGSFR         

        CLASS   CONFIG         
                config                            1FFF8    1FFF8        6         4

        CLASS   FARRAM         

        CLASS   HEAP           

        CLASS   STACK          

        CLASS   IDLOC          



SEGMENTS        Name                           Load    Length   Top    Selector   Space  Class

                reset_vec                      000000  000004  000004         0       0  CODE    
                cstackCOMRAM                   000001  00003C  00003D         1       1  COMRAM  
                bssBANK0                       000060  00008C  0000EC        60       1  BANK0   
                mediumconst                    00FDD4  00022C  010000      7EEA       0  MEDIUMCO
                text0                          010000  00086C  01086C      8000       0  CODE    


UNUSED ADDRESS RANGES

        Name                Unused          Largest block    Delta
        BANK0            000EC-000FF              14
        BANK1            00100-001FF             100
        BANK10           00A00-00AFF             100
        BANK11           00B00-00BFF             100
        BANK12           00C00-00CFF             100
        BANK13           00D00-00DFF             100
        BANK14           00E00-00EFF             100
        BANK15           00F00-00F5F              60
        BANK2            00200-002FF             100
        BANK3            00300-003FF             100
        BANK4            00400-004FF             100
        BANK5            00500-005FF             100
        BANK6            00600-006FF             100
        BANK7            00700-007FF             100
        BANK8            00800-008FF             100
        BANK9            00900-009FF             100
        BIGRAM           0003D-0005F              23
                         000EC-00F5F             E74
        BIGSFR           00F60-00FFF              A0
        CODE             00004-0FDD3            FDD0
                         1086C-1FFF7            F78C
        COMRAM           0003D-0005F              23
        CONST            00004-0FDD3            FDD0
                         1086C-1FFF7            F78C
        MEDIUMCONST      01000-0FDD3            EDD4
                         11000-1FFF7            EFF8
        RAM              000EC-00F5F             100
        SFR              00F60-00FFF              A0
        SMALLCONST       01000-0FDD3             100
                         1086C-1FFF7             100

                                  Symbol Table

?___aldiv                  cstackCOMRAM  00001
?___lwdiv                  cstackCOMRAM  00001
?___lwmod                  cstackCOMRAM  00008
?_sprintf                  cstackCOMRAM  0000D
BCD2LowerCh@bcd            cstackCOMRAM  00001
BCD2LowerCh@temp           cstackCOMRAM  00002
BCD2UpperCh@bcd            cstackCOMRAM  00001
BCD2UpperCh@temp           cstackCOMRAM  00002
UART_Init@baudrate         cstackCOMRAM  0000F
UART_Init@x                cstackCOMRAM  0001B
UART_Write@UART_DATA       cstackCOMRAM  00001
WriteCommandToLCD@Command  cstackCOMRAM  00002
WriteDataToLCD@LCDChar     cstackCOMRAM  00002
WriteStringToLCD@s         cstackCOMRAM  00003
_BCD2LowerCh               text22        10848
_BCD2UpperCh               text21        10836
_BF2                       (abs)         07B20
_C                         bssCOMRAM     0002D
_CREN                      (abs)         07D5C
_ClearLCDScreen            text18        10862
_InitLCD                   text17        1062E
_LATDbits                  (abs)         00F8C
_LATE                      (abs)         00F8D
_PEN2                      (abs)         07B12
_PORTE                     (abs)         00F84
_RCEN2                     (abs)         07B13
_RCIF                      (abs)         07CF5
_RCREG                     (abs)         00FAE
_RCSTA1bits                (abs)         00FAB
_RD0                       (abs)         07C18
_RE2                       (abs)         07C22
_RE3                       (abs)         07C23
_RE4                       (abs)         07C24
_RE5                       (abs)         07C25
_RE6                       (abs)         07C26
_RE7                       (abs)         07C27
_RS485_Init                text16        1085A
_RSEN2                     (abs)         07B11
_SEN2                      (abs)         07B10
_SPBRG1                    (abs)         00FAF
_SSP2ADD                   (abs)         00F65
_SSP2BUF                   (abs)         00F66
_SSP2CON1                  (abs)         00F63
_SSP2CON2                  (abs)         00F62
_SSP2CON2bits              (abs)         00F62
_SSP2STAT                  (abs)         00F64
_TRISC6                    (abs)         07CA6
_TRISC7                    (abs)         07CA7
_TRISCbits                 (abs)         00F94
_TRISD0                    (abs)         07CA8
_TRISD5                    (abs)         07CAD
_TRISD6                    (abs)         07CAE
_TRISDbits                 (abs)         00F95
_TRISE                     (abs)         00F96
_TRISE2                    (abs)         07CB2
_TRISE4                    (abs)         07CB4
_TRISE5                    (abs)         07CB5
_TRISE6                    (abs)         07CB6
_TRISE7                    (abs)         07CB7
_TRMT                      (abs)         07D61
_TXREG                     (abs)         00FAD
_TXSTA1bits                (abs)         00FAC
_ToggleEpinOfLCD           text20        10792
_UART_Init                 text14        104C8
_UART_Write                text13        107EA
_WriteCommandToLCD         text19        1076C
_WriteDataToLCD            text12        10746
_WriteStringToLCD          text11        106C6
__HRAM                     (abs)         00000
__Habs1                    abs1          00000
__Hbank0                   bank0         00000
__Hbank1                   bank1         00000
__Hbank10                  bank10        00000
__Hbank11                  bank11        00000
__Hbank12                  bank12        00000
__Hbank13                  bank13        00000
__Hbank14                  bank14        00000
__Hbank15                  bank15        00000
__Hbank2                   bank2         00000
__Hbank3                   bank3         00000
__Hbank4                   bank4         00000
__Hbank5                   bank5         00000
__Hbank6                   bank6         00000
__Hbank7                   bank7         00000
__Hbank8                   bank8         00000
__Hbank9                   bank9         00000
__Hbigbss                  bigbss        00000
__Hbigdata                 bigdata       00000
__Hbigram                  bigram        00000
__Hbigsfr                  bigsfr        00000
__Hbss                     bss           00000
__HbssBANK0                bssBANK0      00000
__HbssCOMRAM               bssCOMRAM     00000
__Hcinit                   cinit         00000
__Hclrtext                 clrtext       00000
__Hcomram                  comram        00000
__Hconfig                  config        1FFFE
__Hconst                   const         00000
__HcstackCOMRAM            cstackCOMRAM  00000
__Hdata                    data          00000
__HdataCOMRAM              dataCOMRAM    00000
__Hfarbss                  farbss        00000
__Hfardata                 fardata       00000
__Hheap                    heap          00000
__Hibigdata                ibigdata      00000
__Hidata                   idata         00000
__HidataCOMRAM             idataCOMRAM   00000
__Hidloc                   idloc         00000
__Hifardata                ifardata      00000
__Hinit                    init          00004
__Hintcode                 intcode       00000
__Hintcode_body            intcode_body  00000
__Hintcodelo               intcodelo     00000
__Hintentry                intentry      00000
__Hintret                  intret        00000
__Hintsave_regs            intsave_regs  00000
__Hirdata                  irdata        00000
__Hjflash_buffer           jflash_buffer 1F800
__Hmediumconst             mediumconst   10000
__HnvFARRAM                nvFARRAM      00000
__Hnvbit                   nvbit         00000
__Hnvrram                  nvrram        00000
__Hparam                   rparam        00000
__Hpowerup                 powerup       00000
__Hram                     ram           00000
__Hramtop                  ramtop        01000
__Hrbit                    rbit          00000
__Hrbss                    rbss          00000
__Hrdata                   rdata         00000
__Hreset_vec               reset_vec     00000
__Hrparam                  rparam        00000
__Hsfr                     sfr           00000
__Hsmallconst              smallconst    00000
__Hspace_0                 (abs)         1F800
__Hspace_1                 (abs)         000EC
__Hspace_2                 (abs)         00000
__Hspace_4                 (abs)         3FFF6
__Hstack                   stack         00000
__Hstruct                  struct        00000
__Htemp                    temp          00000
__Htext                    text          00000
__Htext0                   text0         00000
__Htext1                   text1         00000
__Htext10                  text10        00000
__Htext11                  text11        00000
__Htext12                  text12        00000
__Htext13                  text13        00000
__Htext14                  text14        00000
__Htext15                  text15        00000
__Htext16                  text16        00000
__Htext17                  text17        00000
__Htext18                  text18        00000
__Htext19                  text19        00000
__Htext2                   text2         00000
__Htext20                  text20        00000
__Htext21                  text21        00000
__Htext22                  text22        00000
__Htext3                   text3         00000
__Htext4                   text4         00000
__Htext5                   text5         00000
__Htext6                   text6         00000
__Htext7                   text7         00000
__Htext8                   text8         00000
__Htext9                   text9         00000
__LRAM                     (abs)         00001
__Labs1                    abs1          00000
__Lbank0                   bank0         00000
__Lbank1                   bank1         00000
__Lbank10                  bank10        00000
__Lbank11                  bank11        00000
__Lbank12                  bank12        00000
__Lbank13                  bank13        00000
__Lbank14                  bank14        00000
__Lbank15                  bank15        00000
__Lbank2                   bank2         00000
__Lbank3                   bank3         00000
__Lbank4                   bank4         00000
__Lbank5                   bank5         00000
__Lbank6                   bank6         00000
__Lbank7                   bank7         00000
__Lbank8                   bank8         00000
__Lbank9                   bank9         00000
__Lbigbss                  bigbss        00000
__Lbigdata                 bigdata       00000
__Lbigram                  bigram        00000
__Lbigsfr                  bigsfr        00000
__Lbss                     bss           00000
__LbssBANK0                bssBANK0      00000
__LbssCOMRAM               bssCOMRAM     00000
__Lcinit                   cinit         00000
__Lclrtext                 clrtext       00000
__Lcomram                  comram        00000
__Lconfig                  config        00000
__Lconst                   const         00000
__LcstackCOMRAM            cstackCOMRAM  00000
__Ldata                    data          00000
__LdataCOMRAM              dataCOMRAM    00000
__Lfarbss                  farbss        00000
__Lfardata                 fardata       00000
__Lheap                    heap          00000
__Libigdata                ibigdata      00000
__Lidata                   idata         00000
__LidataCOMRAM             idataCOMRAM   00000
__Lidloc                   idloc         00000
__Lifardata                ifardata      00000
__Linit                    init          00000
__Lintcode                 intcode       00000
__Lintcode_body            intcode_body  00000
__Lintcodelo               intcodelo     00000
__Lintentry                intentry      00000
__Lintret                  intret        00000
__Lintsave_regs            intsave_regs  00000
__Lirdata                  irdata        00000
__Ljflash_buffer           jflash_buffer 1F800
__Lmediumconst             mediumconst   0FDD4
__LnvFARRAM                nvFARRAM      00000
__Lnvbit                   nvbit         00000
__Lnvrram                  nvrram        00000
__Lparam                   rparam        00000
__Lpowerup                 powerup       00000
__Lram                     ram           00000
__Lramtop                  ramtop        01000
__Lrbit                    rbit          00000
__Lrbss                    rbss          00000
__Lrdata                   rdata         00000
__Lreset_vec               reset_vec     00000
__Lrparam                  rparam        00000
__Lsfr                     sfr           00000
__Lsmallconst              smallconst    00000
__Lspace_0                 (abs)         00000
__Lspace_1                 (abs)         00000
__Lspace_2                 (abs)         00000
__Lspace_4                 (abs)         00000
__Lstack                   stack         00000
__Lstruct                  struct        00000
__Ltemp                    temp          00000
__Ltext                    text          00000
__Ltext0                   text0         00000
__Ltext1                   text1         00000
__Ltext10                  text10        00000
__Ltext11                  text11        00000
__Ltext12                  text12        00000
__Ltext13                  text13        00000
__Ltext14                  text14        00000
__Ltext15                  text15        00000
__Ltext16                  text16        00000
__Ltext17                  text17        00000
__Ltext18                  text18        00000
__Ltext19                  text19        00000
__Ltext2                   text2         00000
__Ltext20                  text20        00000
__Ltext21                  text21        00000
__Ltext22                  text22        00000
__Ltext3                   text3         00000
__Ltext4                   text4         00000
__Ltext5                   text5         00000
__Ltext6                   text6         00000
__Ltext7                   text7         00000
__Ltext8                   text8         00000
__Ltext9                   text9         00000
__S0                       (abs)         1086C
__S1                       (abs)         000EC
__S4                       (abs)         00000
___aldiv                   text15        103BC
___aldiv@counter           cstackCOMRAM  00009
___aldiv@dividend          cstackCOMRAM  00001
___aldiv@divisor           cstackCOMRAM  00005
___aldiv@quotient          cstackCOMRAM  0000B
___aldiv@sign              cstackCOMRAM  0000A
___extmem_base             (abs)         20000
___heap_hi                 (abs)         00000
___heap_lo                 (abs)         00000
___inthi_sp                stack         00000
___intlo_sp                stack         00000
___lwdiv                   text3         10556
___lwdiv@counter           cstackCOMRAM  00007
___lwdiv@dividend          cstackCOMRAM  00001
___lwdiv@divisor           cstackCOMRAM  00003
___lwdiv@quotient          cstackCOMRAM  00005
___lwmod                   text2         105CA
___lwmod@counter           cstackCOMRAM  0000C
___lwmod@dividend          cstackCOMRAM  00008
___lwmod@divisor           cstackCOMRAM  0000A
___param_bank              (abs)         00000
___rparam_used             (abs)         00001
___sp                      stack         00000
__accesstop                (abs)         00060
__activetblptr             (abs)         00003
__end_of_BCD2LowerCh       text22        1085A
__end_of_BCD2UpperCh       text21        10848
__end_of_ClearLCDScreen    text18        1086A
__end_of_InitLCD           text17        10690
__end_of_RS485_Init        text16        10862
__end_of_ToggleEpinOfLCD   text20        107B4
__end_of_UART_Init         text14        10556
__end_of_UART_Write        text13        10800
__end_of_WriteCommandToLCD text19        10792
__end_of_WriteDataToLCD    text12        1076C
__end_of_WriteStringToLCD  text11        106F6
__end_of___aldiv           text15        104C8
__end_of___lwdiv           text3         105CA
__end_of___lwmod           text2         1062E
__end_of__initialization   cinit         106C0
__end_of_aucCRCHi          mediumconst   0FFD5
__end_of_aucCRCLo          mediumconst   0FED5
__end_of_dpowers           mediumconst   0FFDF
__end_of_i2c_read          text9         107D0
__end_of_i2c_restart       text8         10836
__end_of_i2c_send          text7         107EA
__end_of_i2c_start         text6         10824
__end_of_i2c_stop          text5         10812
__end_of_i2c_wait          text10        10746
__end_of_main              text0         10208
__end_of_rtc1307_read      text4         10720
__end_of_sprintf           text1         103BC
__initialization           cinit         10690
__mediumconst              mediumconst   0FDD4
__pbssBANK0                bssBANK0      00060
__pbssCOMRAM               bssCOMRAM     0002D
__pcinit                   cinit         10690
__pcstackCOMRAM            cstackCOMRAM  00001
__pdataCOMRAM              dataCOMRAM    0003B
__pidataCOMRAM             idataCOMRAM   1086A
__pmediumconst             mediumconst   0FDD4
__ptext0                   text0         10000
__ptext1                   text1         10208
__ptext10                  text10        10720
__ptext11                  text11        106C6
__ptext12                  text12        10746
__ptext13                  text13        107EA
__ptext14                  text14        104C8
__ptext15                  text15        103BC
__ptext16                  text16        1085A
__ptext17                  text17        1062E
__ptext18                  text18        10862
__ptext19                  text19        1076C
__ptext2                   text2         105CA
__ptext20                  text20        10792
__ptext21                  text21        10836
__ptext22                  text22        10848
__ptext3                   text3         10556
__ptext4                   text4         106F6
__ptext5                   text5         10800
__ptext6                   text6         10812
__ptext7                   text7         107D0
__ptext8                   text8         10824
__ptext9                   text9         107B4
__ramtop                   ramtop        01000
__smallconst               smallconst    00000
_a                         bssBANK0      00060
_aucCRCHi                  mediumconst   0FED5
_aucCRCLo                  mediumconst   0FDD5
_buffer                    bssBANK0      00088
_buffer_max_size           dataCOMRAM    0003B
_date                      bssCOMRAM     00036
_day                       bssCOMRAM     00037
_dpowers                   mediumconst   0FFD5
_flag                      bssCOMRAM     00033
_hour                      bssCOMRAM     00038
_i2c_read                  text9         107B4
_i2c_restart               text8         10824
_i2c_send                  text7         107D0
_i2c_start                 text6         10812
_i2c_stop                  text5         10800
_i2c_wait                  text10        10720
_main                      text0         10000
_min                       bssCOMRAM     00039
_month                     bssCOMRAM     00035
_rtc1307_read              text4         106F6
_rx_overrun_flag           bssCOMRAM     00031
_sec                       bssCOMRAM     0003A
_sprintf                   text1         10208
_str                       bssCOMRAM     0002F
_year                      bssCOMRAM     00034
end_of_initialization      cinit         106C0
i2c_read@temp              cstackCOMRAM  00002
i2c_send@dat               cstackCOMRAM  00002
intlevel0                  text          00000
intlevel1                  text          00000
intlevel2                  text          00000
intlevel3                  text          00000
isa$std                    (abs)         00001
isa$xinst                  (abs)         00000
main@i                     cstackCOMRAM  0002C
main@m                     cstackCOMRAM  0002B
rtc1307_read@address       cstackCOMRAM  00003
rtc1307_read@temp1         cstackCOMRAM  00004
sprintf@ap                 cstackCOMRAM  0001E
sprintf@c                  cstackCOMRAM  00024
sprintf@f                  cstackCOMRAM  0000F
sprintf@flag               cstackCOMRAM  00020
sprintf@prec               cstackCOMRAM  00021
sprintf@sp                 cstackCOMRAM  0000D
sprintf@val                cstackCOMRAM  00022
stackhi                    (abs)         00000
stacklo                    (abs)         00000
start                      init          00000
start_initialization       cinit         10690


MODULE INFORMATION

Module		Function		Class		Link	Load	Size
I2C_lib.c
		_i2c_start     		CODE           	10812	0000	18
		_i2c_restart   		CODE           	10824	0000	18
		_i2c_stop      		CODE           	10800	0000	18
		_i2c_wait      		CODE           	10720	0000	38
		_i2c_read      		CODE           	107B4	0000	28
		_i2c_send      		CODE           	107D0	0000	26

I2C_lib.c estimated size: 146

C:\Program Files\Microchip\xc8\v2.40\pic\sources\c90\common\aldiv.c
		___aldiv       		CODE           	103BC	0000	268

C:\Program Files\Microchip\xc8\v2.40\pic\sources\c90\common\aldiv.c estimated size: 268

C:\Program Files\Microchip\xc8\v2.40\pic\sources\c90\common\doprnt.c
		_sprintf       		CODE           	10208	0000	436

C:\Program Files\Microchip\xc8\v2.40\pic\sources\c90\common\doprnt.c estimated size: 436

C:\Program Files\Microchip\xc8\v2.40\pic\sources\c90\common\lwmod.c
		___lwmod       		CODE           	105CA	0000	100

C:\Program Files\Microchip\xc8\v2.40\pic\sources\c90\common\lwmod.c estimated size: 100

shared
		_aucCRCLo      		MEDIUMCONST    	FDD5	0000	256
		_dpowers       		MEDIUMCONST    	FFD5	0000	10
		_aucCRCHi      		MEDIUMCONST    	FED5	0000	256
		__initialization		CODE           	10690	0000	48

shared estimated size: 570

lcd.c
		_WriteCommandToLCD		CODE           	1076C	0000	38
		_WriteStringToLCD		CODE           	106C6	0000	48
		_InitLCD       		CODE           	1062E	0000	98
		_WriteDataToLCD		CODE           	10746	0000	38
		_ToggleEpinOfLCD		CODE           	10792	0000	34
		_ClearLCDScreen		CODE           	10862	0000	8

lcd.c estimated size: 264

Test_code_RTC1307_UART.c
		_main          		CODE           	10000	0000	520
		_rtc1307_read  		CODE           	106F6	0000	42
		_BCD2LowerCh   		CODE           	10848	0000	18
		_BCD2UpperCh   		CODE           	10836	0000	18

Test_code_RTC1307_UART.c estimated size: 598

URAT_lib.c
		_UART_Init     		CODE           	104C8	0000	142
		_RS485_Init    		CODE           	1085A	0000	8
		_UART_Write    		CODE           	107EA	0000	22

URAT_lib.c estimated size: 172

C:\Program Files\Microchip\xc8\v2.40\pic\sources\c90\common\lwdiv.c
		___lwdiv       		CODE           	10556	0000	116

C:\Program Files\Microchip\xc8\v2.40\pic\sources\c90\common\lwdiv.c estimated size: 116

